// Jest Snapshot v1, https://goo.gl/fbAQLP

exports[`BrowseCards component renders correctly 1`] = `[Function]`;
