// Jest Snapshot v1, https://goo.gl/fbAQLP

exports[`GameUI component renders correctly 1`] = `[Function]`;
