// Jest Snapshot v1, https://goo.gl/fbAQLP

exports[`Play component renders correctly 1`] = `[Function]`;
